//
// This file is a placeholder. It was generated by third_party/jni_zero/jni_generator.py
//

package org.chromium.base.natives;

public class module_GEN_JNI {
  public static boolean TESTING_ENABLED;
  public static boolean REQUIRE_MOCK;

  public static native boolean org_chromium_example_jni_1generator_SampleModule_bar(int a);
  public static native void org_chromium_example_jni_1generator_SampleModule_foo();
}
